2026-05-27T16:14:08.390155-0300 | INFO | Logger configurado com sucesso.
2026-05-27T16:14:48.324255-0300 | INFO | Início da configuração do Logger.
2026-05-27T16:14:48.455699-0300 | INFO | Logger configurado com sucesso.
2026-05-27T16:28:38.102069-0300 | INFO | Logger configurado com sucesso.
2026-05-27T16:29:29.294850-0300 | INFO | Logger configurado com sucesso.
2026-05-27T16:42:50.098540-0300 | INFO | Teste
2026-05-27T16:44:34.459145-0300 | INFO | Logger configurado com sucesso.
2026-05-27T16:44:34.513608-0300 | INFO | Teste
2026-05-27T16:44:34.826515-0300 | INFO | Teste
2026-05-27T16:49:22.772200-0300 | INFO | Logger configurado com sucesso.
2026-05-27T16:50:43.498083-0300 | INFO | Logger configurado com sucesso.
2026-05-27T16:51:49.835272-0300 | INFO | Logger configurado com sucesso.
2026-05-27T16:51:49.901223-0300 | INFO | Teste
2026-05-27T16:58:56.813731-0300 | INFO | Logger configurado com sucesso.
2026-05-27T16:58:56.845050-0300 | INFO | Teste
2026-05-27T17:03:48.122469-0300 | INFO | Logger configurado com sucesso.
2026-05-27T17:03:48.190780-0300 | INFO | Teste
2026-05-27T17:09:06.666553-0300 | INFO | Logger configurado com sucesso.
2026-05-27T17:09:06.754629-0300 | INFO | Teste
2026-05-27T17:52:13.417646-0300 | INFO | Logger configurado com sucesso.
2026-05-27T17:53:45.241370-0300 | INFO | Logger configurado com sucesso.
2026-05-27T17:53:46.606258-0300 | INFO | Logger configurado com sucesso.
2026-05-27T17:54:14.138210-0300 | INFO | Logger configurado com sucesso.
2026-05-27T17:54:14.373122-0300 | INFO | Iniciando leitura do arquivo: C:\workspace\note\sales-analysis\data\sales_data.csv
2026-05-27T17:54:14.685443-0300 | INFO | Arquivo carregado com sucesso. Linhas: 1000 | Colunas: 14
2026-05-27T17:55:57.826302-0300 | INFO | Logger configurado com sucesso.
2026-05-27T17:56:45.422341-0300 | INFO | Iniciando leitura do arquivo: C:\workspace\note\sales-analysis\data\sales_data.csv
2026-05-27T17:56:45.447836-0300 | INFO | Arquivo carregado com sucesso. Linhas: 1000 | Colunas: 14
2026-05-27T17:58:04.430135-0300 | INFO | Logger configurado com sucesso.
2026-05-27T17:58:39.794601-0300 | INFO | Logger configurado com sucesso.
2026-05-27T17:58:39.981127-0300 | INFO | Iniciando leitura do arquivo: C:\workspace\note\sales-analysis\data\sales_data.csv
2026-05-27T17:58:40.059962-0300 | INFO | Arquivo carregado com sucesso. Linhas: 1000 | Colunas: 14
2026-05-27T18:02:42.138278-0300 | INFO | Logger configurado com sucesso.
2026-05-27T18:03:34.058080-0300 | INFO | Logger configurado com sucesso.
2026-05-27T18:04:07.185943-0300 | INFO | Logger configurado com sucesso.
2026-05-27T18:04:51.749240-0300 | INFO | Logger configurado com sucesso.
2026-05-27T18:04:51.935891-0300 | INFO | Iniciando leitura do arquivo: C:\workspace\note\sales-analysis\data\sales_data.csv
2026-05-27T18:04:51.967144-0300 | INFO | Arquivo carregado com sucesso. Linhas: 1000 | Colunas: 14
2026-05-27T18:51:41.211635-0300 | INFO | Logger configurado com sucesso.
2026-05-27T18:51:41.437308-0300 | INFO | Iniciando leitura do arquivo: C:\workspace\note\sales-analysis\data\sales_data.csv
2026-05-27T18:51:42.032293-0300 | INFO | Arquivo carregado com sucesso. Linhas: 1000 | Colunas: 14
2026-05-27T19:19:26.981503-0300 | INFO | Logger configurado com sucesso.
2026-05-27T19:21:46.720337-0300 | INFO | Logger configurado com sucesso.
2026-05-27T19:21:46.991513-0300 | INFO | Iniciando leitura do arquivo: C:\workspace\note\sales-analysis\data\sales_data.csv
2026-05-27T19:21:47.275419-0300 | INFO | Arquivo carregado com sucesso. Linhas: 1000 | Colunas: 14
2026-05-27T19:21:47.922546-0300 | INFO | Início do teste de qualidade
2026-05-27T19:21:48.027807-0300 | INFO | Término do teste de qualidade
2026-05-27T19:31:33.597868-0300 | INFO | Logger configurado com sucesso.
2026-05-27T19:34:18.643993-0300 | INFO | Logger configurado com sucesso.
2026-05-27T19:44:16.176160-0300 | INFO | Logger configurado com sucesso.
2026-05-27T19:46:30.648184-0300 | INFO | Logger configurado com sucesso.
2026-05-27T19:48:31.694137-0300 | INFO | Logger configurado com sucesso.
2026-05-27T19:50:47.017130-0300 | INFO | Logger configurado com sucesso.
2026-05-27T19:51:51.852080-0300 | INFO | Logger configurado com sucesso.
2026-05-27T19:52:39.075111-0300 | INFO | Logger configurado com sucesso.
2026-05-27T19:53:23.033709-0300 | INFO | Logger configurado com sucesso.
